exports[`PostTable Test Suite PostTable Component renders <PostTable /> component successfully in to the DOM with required props & state 1`] = `
<div
  className="a">
  <h1>
    Async Reducer State (Posts)
  </h1>
  <table
    className="iprvVv">
    <thead>
      <tr>
        <td
          className="bBeomu">
          ID
        </td>
        <td
          className="ieFpxY">
          TITLE
        </td>
        <td
          className="jZgYSW">
          BODY
        </td>
      </tr>
    </thead>
    <tbody>
      <tr>
        <td
          className="bBeomu">
          0
        </td>
        <td
          className="ieFpxY">
          Initial State Title
        </td>
        <td
          className="jZgYSW">
          Pending Request..
        </td>
      </tr>
    </tbody>
  </table>
</div>
`;
