exports[`Async Test Suite Async Dispatch Actions fetchPosts creates UPDATE_POSTS when fetching posts has been done 1`] = `
Array [
  Object {
    "data": Object {
      "body": "quia et suscipit
suscipit recusandae consequuntur expedita et cum
reprehenderit molestiae ut ut quas totam
nostrum rerum est autem sunt rem eveniet architecto",
      "id": 1,
      "title": "sunt aut facere repellat provident occaecati excepturi optio reprehenderit",
      "userId": 1,
    },
    "type": "UPDATE_POSTS",
  },
]
`;
